#-----------------------------------------------------------
# Vivado v2024.2 (64-bit)
# SW Build 5239630 on Fri Nov 08 22:35:27 MST 2024
# IP Build 5239520 on Sun Nov 10 16:12:51 MST 2024
# SharedData Build 5239561 on Fri Nov 08 14:39:27 MST 2024
# Start of session at: Wed Nov  5 04:42:25 2025
# Process ID         : 13036
# Current directory  : D:/FPGA/zybo/hdmi/hw/Zybo-Z7-HW.runs/design_1_axi_interconnect_hp0_imp_s00_regslice_0_synth_1
# Command line       : vivado.exe -log design_1_axi_interconnect_hp0_imp_s00_regslice_0.vds -product Vivado -mode batch -messageDb vivado.pb -notrace -source design_1_axi_interconnect_hp0_imp_s00_regslice_0.tcl
# Log file           : D:/FPGA/zybo/hdmi/hw/Zybo-Z7-HW.runs/design_1_axi_interconnect_hp0_imp_s00_regslice_0_synth_1/design_1_axi_interconnect_hp0_imp_s00_regslice_0.vds
# Journal file       : D:/FPGA/zybo/hdmi/hw/Zybo-Z7-HW.runs/design_1_axi_interconnect_hp0_imp_s00_regslice_0_synth_1\vivado.jou
# Running On         : Navin-PC
# Platform           : Windows Server 2016 or Windows 10
# Operating System   : 26200
# Processor Detail   : Intel(R) Core(TM) i7-10870H CPU @ 2.20GHz
# CPU Frequency      : 2208 MHz
# CPU Physical cores : 8
# CPU Logical cores  : 16
# Host memory        : 16955 MB
# Swap memory        : 21377 MB
# Total Virtual      : 38332 MB
# Available Virtual  : 7956 MB
#-----------------------------------------------------------
source design_1_axi_interconnect_hp0_imp_s00_regslice_0.tcl -notrace
